MPLINK 4.45, Linker
Linker Map File - Created Wed Jun 20 14:48:42 2018

                                 Section Info
                  Section       Type    Address   Location Size(Bytes)
                ---------  ---------  ---------  ---------  ---------
                   .org_0       code   0x000000    program   0x000000
                   .org_1       code   0x000000    program   0x002c14



                              Program Memory Usage 
                               Start         End      
                           ---------   ---------      
                            0x000000    0x002c13      
            11284 out of 33048 program addresses used, program memory utilization is 34%



                              Symbols - Sorted by Name
                     Name    Address   Location    Storage File                     
                ---------  ---------  ---------  --------- ---------                
                _1059loop   0x0023c8    program     static Z:\home\ali\Documents\playground\nonsensical\PICAsm\cordic\CORDIC.asm
                _1064loop   0x00240a    program     static Z:\home\ali\Documents\playground\nonsensical\PICAsm\cordic\CORDIC.asm
                _1144loop   0x00267a    program     static Z:\home\ali\Documents\playground\nonsensical\PICAsm\cordic\CORDIC.asm
                _1149loop   0x0026bc    program     static Z:\home\ali\Documents\playground\nonsensical\PICAsm\cordic\CORDIC.asm
                _1229loop   0x00292c    program     static Z:\home\ali\Documents\playground\nonsensical\PICAsm\cordic\CORDIC.asm
                _1234loop   0x00296e    program     static Z:\home\ali\Documents\playground\nonsensical\PICAsm\cordic\CORDIC.asm
                 _124loop   0x000622    program     static Z:\home\ali\Documents\playground\nonsensical\PICAsm\cordic\CORDIC.asm
                 _129loop   0x000664    program     static Z:\home\ali\Documents\playground\nonsensical\PICAsm\cordic\CORDIC.asm
                 _209loop   0x0008d4    program     static Z:\home\ali\Documents\playground\nonsensical\PICAsm\cordic\CORDIC.asm
                 _214loop   0x000916    program     static Z:\home\ali\Documents\playground\nonsensical\PICAsm\cordic\CORDIC.asm
                 _294loop   0x000b86    program     static Z:\home\ali\Documents\playground\nonsensical\PICAsm\cordic\CORDIC.asm
                 _299loop   0x000bc8    program     static Z:\home\ali\Documents\playground\nonsensical\PICAsm\cordic\CORDIC.asm
                 _379loop   0x000e38    program     static Z:\home\ali\Documents\playground\nonsensical\PICAsm\cordic\CORDIC.asm
                 _384loop   0x000e7a    program     static Z:\home\ali\Documents\playground\nonsensical\PICAsm\cordic\CORDIC.asm
                  _39loop   0x000370    program     static Z:\home\ali\Documents\playground\nonsensical\PICAsm\cordic\CORDIC.asm
                  _44loop   0x0003b2    program     static Z:\home\ali\Documents\playground\nonsensical\PICAsm\cordic\CORDIC.asm
                 _464loop   0x0010ea    program     static Z:\home\ali\Documents\playground\nonsensical\PICAsm\cordic\CORDIC.asm
                 _469loop   0x00112c    program     static Z:\home\ali\Documents\playground\nonsensical\PICAsm\cordic\CORDIC.asm
                 _549loop   0x00139c    program     static Z:\home\ali\Documents\playground\nonsensical\PICAsm\cordic\CORDIC.asm
                 _554loop   0x0013de    program     static Z:\home\ali\Documents\playground\nonsensical\PICAsm\cordic\CORDIC.asm
                 _634loop   0x00164e    program     static Z:\home\ali\Documents\playground\nonsensical\PICAsm\cordic\CORDIC.asm
                 _639loop   0x001690    program     static Z:\home\ali\Documents\playground\nonsensical\PICAsm\cordic\CORDIC.asm
                 _719loop   0x001900    program     static Z:\home\ali\Documents\playground\nonsensical\PICAsm\cordic\CORDIC.asm
                 _724loop   0x001942    program     static Z:\home\ali\Documents\playground\nonsensical\PICAsm\cordic\CORDIC.asm
                 _804loop   0x001bb2    program     static Z:\home\ali\Documents\playground\nonsensical\PICAsm\cordic\CORDIC.asm
                 _809loop   0x001bf4    program     static Z:\home\ali\Documents\playground\nonsensical\PICAsm\cordic\CORDIC.asm
                 _889loop   0x001e64    program     static Z:\home\ali\Documents\playground\nonsensical\PICAsm\cordic\CORDIC.asm
                 _894loop   0x001ea6    program     static Z:\home\ali\Documents\playground\nonsensical\PICAsm\cordic\CORDIC.asm
                 _974loop   0x002116    program     static Z:\home\ali\Documents\playground\nonsensical\PICAsm\cordic\CORDIC.asm
                 _979loop   0x002158    program     static Z:\home\ali\Documents\playground\nonsensical\PICAsm\cordic\CORDIC.asm
               atan_table   0x000004    program     static Z:\home\ali\Documents\playground\nonsensical\PICAsm\cordic\CORDIC.asm
               atan_tbl_0   0x000004    program     static Z:\home\ali\Documents\playground\nonsensical\PICAsm\cordic\CORDIC.asm
               atan_tbl_1   0x00000c    program     static Z:\home\ali\Documents\playground\nonsensical\PICAsm\cordic\CORDIC.asm
              atan_tbl_10   0x000054    program     static Z:\home\ali\Documents\playground\nonsensical\PICAsm\cordic\CORDIC.asm
              atan_tbl_11   0x00005c    program     static Z:\home\ali\Documents\playground\nonsensical\PICAsm\cordic\CORDIC.asm
              atan_tbl_12   0x000064    program     static Z:\home\ali\Documents\playground\nonsensical\PICAsm\cordic\CORDIC.asm
              atan_tbl_13   0x00006c    program     static Z:\home\ali\Documents\playground\nonsensical\PICAsm\cordic\CORDIC.asm
              atan_tbl_14   0x000074    program     static Z:\home\ali\Documents\playground\nonsensical\PICAsm\cordic\CORDIC.asm
              atan_tbl_15   0x00007c    program     static Z:\home\ali\Documents\playground\nonsensical\PICAsm\cordic\CORDIC.asm
              atan_tbl_16   0x000084    program     static Z:\home\ali\Documents\playground\nonsensical\PICAsm\cordic\CORDIC.asm
              atan_tbl_17   0x00008c    program     static Z:\home\ali\Documents\playground\nonsensical\PICAsm\cordic\CORDIC.asm
              atan_tbl_18   0x000094    program     static Z:\home\ali\Documents\playground\nonsensical\PICAsm\cordic\CORDIC.asm
              atan_tbl_19   0x00009c    program     static Z:\home\ali\Documents\playground\nonsensical\PICAsm\cordic\CORDIC.asm
               atan_tbl_2   0x000014    program     static Z:\home\ali\Documents\playground\nonsensical\PICAsm\cordic\CORDIC.asm
              atan_tbl_20   0x0000a4    program     static Z:\home\ali\Documents\playground\nonsensical\PICAsm\cordic\CORDIC.asm
              atan_tbl_21   0x0000ac    program     static Z:\home\ali\Documents\playground\nonsensical\PICAsm\cordic\CORDIC.asm
              atan_tbl_22   0x0000b4    program     static Z:\home\ali\Documents\playground\nonsensical\PICAsm\cordic\CORDIC.asm
              atan_tbl_23   0x0000bc    program     static Z:\home\ali\Documents\playground\nonsensical\PICAsm\cordic\CORDIC.asm
              atan_tbl_24   0x0000c4    program     static Z:\home\ali\Documents\playground\nonsensical\PICAsm\cordic\CORDIC.asm
              atan_tbl_25   0x0000cc    program     static Z:\home\ali\Documents\playground\nonsensical\PICAsm\cordic\CORDIC.asm
              atan_tbl_26   0x0000d4    program     static Z:\home\ali\Documents\playground\nonsensical\PICAsm\cordic\CORDIC.asm
              atan_tbl_27   0x0000dc    program     static Z:\home\ali\Documents\playground\nonsensical\PICAsm\cordic\CORDIC.asm
              atan_tbl_28   0x0000e4    program     static Z:\home\ali\Documents\playground\nonsensical\PICAsm\cordic\CORDIC.asm
              atan_tbl_29   0x0000ec    program     static Z:\home\ali\Documents\playground\nonsensical\PICAsm\cordic\CORDIC.asm
               atan_tbl_3   0x00001c    program     static Z:\home\ali\Documents\playground\nonsensical\PICAsm\cordic\CORDIC.asm
              atan_tbl_30   0x0000f4    program     static Z:\home\ali\Documents\playground\nonsensical\PICAsm\cordic\CORDIC.asm
               atan_tbl_4   0x000024    program     static Z:\home\ali\Documents\playground\nonsensical\PICAsm\cordic\CORDIC.asm
               atan_tbl_5   0x00002c    program     static Z:\home\ali\Documents\playground\nonsensical\PICAsm\cordic\CORDIC.asm
               atan_tbl_6   0x000034    program     static Z:\home\ali\Documents\playground\nonsensical\PICAsm\cordic\CORDIC.asm
               atan_tbl_7   0x00003c    program     static Z:\home\ali\Documents\playground\nonsensical\PICAsm\cordic\CORDIC.asm
               atan_tbl_8   0x000044    program     static Z:\home\ali\Documents\playground\nonsensical\PICAsm\cordic\CORDIC.asm
               atan_tbl_9   0x00004c    program     static Z:\home\ali\Documents\playground\nonsensical\PICAsm\cordic\CORDIC.asm
                   cordic   0x00020c    program     static Z:\home\ali\Documents\playground\nonsensical\PICAsm\cordic\CORDIC.asm
                    fquad   0x000344    program     static Z:\home\ali\Documents\playground\nonsensical\PICAsm\cordic\CORDIC.asm
                     main   0x002bf0    program     static Z:\home\ali\Documents\playground\nonsensical\PICAsm\cordic\CORDIC.asm
               quadrant1x   0x000292    program     static Z:\home\ali\Documents\playground\nonsensical\PICAsm\cordic\CORDIC.asm
               quadrantxx   0x000308    program     static Z:\home\ali\Documents\playground\nonsensical\PICAsm\cordic\CORDIC.asm
                        x   0x0000fc    program     static Z:\home\ali\Documents\playground\nonsensical\PICAsm\cordic\CORDIC.asm
                      x_0   0x0000fc    program     static Z:\home\ali\Documents\playground\nonsensical\PICAsm\cordic\CORDIC.asm
                      x_1   0x000100    program     static Z:\home\ali\Documents\playground\nonsensical\PICAsm\cordic\CORDIC.asm
                     x_10   0x000124    program     static Z:\home\ali\Documents\playground\nonsensical\PICAsm\cordic\CORDIC.asm
                     x_11   0x000128    program     static Z:\home\ali\Documents\playground\nonsensical\PICAsm\cordic\CORDIC.asm
                     x_12   0x00012c    program     static Z:\home\ali\Documents\playground\nonsensical\PICAsm\cordic\CORDIC.asm
                     x_13   0x000130    program     static Z:\home\ali\Documents\playground\nonsensical\PICAsm\cordic\CORDIC.asm
                     x_14   0x000134    program     static Z:\home\ali\Documents\playground\nonsensical\PICAsm\cordic\CORDIC.asm
                     x_15   0x000138    program     static Z:\home\ali\Documents\playground\nonsensical\PICAsm\cordic\CORDIC.asm
                     x_16   0x00013c    program     static Z:\home\ali\Documents\playground\nonsensical\PICAsm\cordic\CORDIC.asm
                      x_2   0x000104    program     static Z:\home\ali\Documents\playground\nonsensical\PICAsm\cordic\CORDIC.asm
                      x_3   0x000108    program     static Z:\home\ali\Documents\playground\nonsensical\PICAsm\cordic\CORDIC.asm
                      x_4   0x00010c    program     static Z:\home\ali\Documents\playground\nonsensical\PICAsm\cordic\CORDIC.asm
                      x_5   0x000110    program     static Z:\home\ali\Documents\playground\nonsensical\PICAsm\cordic\CORDIC.asm
                      x_6   0x000114    program     static Z:\home\ali\Documents\playground\nonsensical\PICAsm\cordic\CORDIC.asm
                      x_7   0x000118    program     static Z:\home\ali\Documents\playground\nonsensical\PICAsm\cordic\CORDIC.asm
                      x_8   0x00011c    program     static Z:\home\ali\Documents\playground\nonsensical\PICAsm\cordic\CORDIC.asm
                      x_9   0x000120    program     static Z:\home\ali\Documents\playground\nonsensical\PICAsm\cordic\CORDIC.asm
                        y   0x000140    program     static Z:\home\ali\Documents\playground\nonsensical\PICAsm\cordic\CORDIC.asm
                      y_0   0x000140    program     static Z:\home\ali\Documents\playground\nonsensical\PICAsm\cordic\CORDIC.asm
                      y_1   0x000144    program     static Z:\home\ali\Documents\playground\nonsensical\PICAsm\cordic\CORDIC.asm
                     y_10   0x000168    program     static Z:\home\ali\Documents\playground\nonsensical\PICAsm\cordic\CORDIC.asm
                     y_11   0x00016c    program     static Z:\home\ali\Documents\playground\nonsensical\PICAsm\cordic\CORDIC.asm
                     y_12   0x000170    program     static Z:\home\ali\Documents\playground\nonsensical\PICAsm\cordic\CORDIC.asm
                     y_13   0x000174    program     static Z:\home\ali\Documents\playground\nonsensical\PICAsm\cordic\CORDIC.asm
                     y_14   0x000178    program     static Z:\home\ali\Documents\playground\nonsensical\PICAsm\cordic\CORDIC.asm
                     y_15   0x00017c    program     static Z:\home\ali\Documents\playground\nonsensical\PICAsm\cordic\CORDIC.asm
                     y_16   0x000180    program     static Z:\home\ali\Documents\playground\nonsensical\PICAsm\cordic\CORDIC.asm
                      y_2   0x000148    program     static Z:\home\ali\Documents\playground\nonsensical\PICAsm\cordic\CORDIC.asm
                      y_3   0x00014c    program     static Z:\home\ali\Documents\playground\nonsensical\PICAsm\cordic\CORDIC.asm
                      y_4   0x000150    program     static Z:\home\ali\Documents\playground\nonsensical\PICAsm\cordic\CORDIC.asm
                      y_5   0x000154    program     static Z:\home\ali\Documents\playground\nonsensical\PICAsm\cordic\CORDIC.asm
                      y_6   0x000158    program     static Z:\home\ali\Documents\playground\nonsensical\PICAsm\cordic\CORDIC.asm
                      y_7   0x00015c    program     static Z:\home\ali\Documents\playground\nonsensical\PICAsm\cordic\CORDIC.asm
                      y_8   0x000160    program     static Z:\home\ali\Documents\playground\nonsensical\PICAsm\cordic\CORDIC.asm
                      y_9   0x000164    program     static Z:\home\ali\Documents\playground\nonsensical\PICAsm\cordic\CORDIC.asm
                      z_0   0x000184    program     static Z:\home\ali\Documents\playground\nonsensical\PICAsm\cordic\CORDIC.asm
                      z_1   0x00018c    program     static Z:\home\ali\Documents\playground\nonsensical\PICAsm\cordic\CORDIC.asm
                     z_10   0x0001d4    program     static Z:\home\ali\Documents\playground\nonsensical\PICAsm\cordic\CORDIC.asm
                     z_11   0x0001dc    program     static Z:\home\ali\Documents\playground\nonsensical\PICAsm\cordic\CORDIC.asm
                     z_12   0x0001e4    program     static Z:\home\ali\Documents\playground\nonsensical\PICAsm\cordic\CORDIC.asm
                     z_13   0x0001ec    program     static Z:\home\ali\Documents\playground\nonsensical\PICAsm\cordic\CORDIC.asm
                     z_14   0x0001f4    program     static Z:\home\ali\Documents\playground\nonsensical\PICAsm\cordic\CORDIC.asm
                     z_15   0x0001fc    program     static Z:\home\ali\Documents\playground\nonsensical\PICAsm\cordic\CORDIC.asm
                     z_16   0x000204    program     static Z:\home\ali\Documents\playground\nonsensical\PICAsm\cordic\CORDIC.asm
                      z_2   0x000194    program     static Z:\home\ali\Documents\playground\nonsensical\PICAsm\cordic\CORDIC.asm
                      z_3   0x00019c    program     static Z:\home\ali\Documents\playground\nonsensical\PICAsm\cordic\CORDIC.asm
                      z_4   0x0001a4    program     static Z:\home\ali\Documents\playground\nonsensical\PICAsm\cordic\CORDIC.asm
                      z_5   0x0001ac    program     static Z:\home\ali\Documents\playground\nonsensical\PICAsm\cordic\CORDIC.asm
                      z_6   0x0001b4    program     static Z:\home\ali\Documents\playground\nonsensical\PICAsm\cordic\CORDIC.asm
                      z_7   0x0001bc    program     static Z:\home\ali\Documents\playground\nonsensical\PICAsm\cordic\CORDIC.asm
                      z_8   0x0001c4    program     static Z:\home\ali\Documents\playground\nonsensical\PICAsm\cordic\CORDIC.asm
                      z_9   0x0001cc    program     static Z:\home\ali\Documents\playground\nonsensical\PICAsm\cordic\CORDIC.asm



                              Symbols - Sorted by Address
                     Name    Address   Location    Storage File                     
                ---------  ---------  ---------  --------- ---------                
               atan_tbl_0   0x000004    program     static Z:\home\ali\Documents\playground\nonsensical\PICAsm\cordic\CORDIC.asm
               atan_table   0x000004    program     static Z:\home\ali\Documents\playground\nonsensical\PICAsm\cordic\CORDIC.asm
               atan_tbl_1   0x00000c    program     static Z:\home\ali\Documents\playground\nonsensical\PICAsm\cordic\CORDIC.asm
               atan_tbl_2   0x000014    program     static Z:\home\ali\Documents\playground\nonsensical\PICAsm\cordic\CORDIC.asm
               atan_tbl_3   0x00001c    program     static Z:\home\ali\Documents\playground\nonsensical\PICAsm\cordic\CORDIC.asm
               atan_tbl_4   0x000024    program     static Z:\home\ali\Documents\playground\nonsensical\PICAsm\cordic\CORDIC.asm
               atan_tbl_5   0x00002c    program     static Z:\home\ali\Documents\playground\nonsensical\PICAsm\cordic\CORDIC.asm
               atan_tbl_6   0x000034    program     static Z:\home\ali\Documents\playground\nonsensical\PICAsm\cordic\CORDIC.asm
               atan_tbl_7   0x00003c    program     static Z:\home\ali\Documents\playground\nonsensical\PICAsm\cordic\CORDIC.asm
               atan_tbl_8   0x000044    program     static Z:\home\ali\Documents\playground\nonsensical\PICAsm\cordic\CORDIC.asm
               atan_tbl_9   0x00004c    program     static Z:\home\ali\Documents\playground\nonsensical\PICAsm\cordic\CORDIC.asm
              atan_tbl_10   0x000054    program     static Z:\home\ali\Documents\playground\nonsensical\PICAsm\cordic\CORDIC.asm
              atan_tbl_11   0x00005c    program     static Z:\home\ali\Documents\playground\nonsensical\PICAsm\cordic\CORDIC.asm
              atan_tbl_12   0x000064    program     static Z:\home\ali\Documents\playground\nonsensical\PICAsm\cordic\CORDIC.asm
              atan_tbl_13   0x00006c    program     static Z:\home\ali\Documents\playground\nonsensical\PICAsm\cordic\CORDIC.asm
              atan_tbl_14   0x000074    program     static Z:\home\ali\Documents\playground\nonsensical\PICAsm\cordic\CORDIC.asm
              atan_tbl_15   0x00007c    program     static Z:\home\ali\Documents\playground\nonsensical\PICAsm\cordic\CORDIC.asm
              atan_tbl_16   0x000084    program     static Z:\home\ali\Documents\playground\nonsensical\PICAsm\cordic\CORDIC.asm
              atan_tbl_17   0x00008c    program     static Z:\home\ali\Documents\playground\nonsensical\PICAsm\cordic\CORDIC.asm
              atan_tbl_18   0x000094    program     static Z:\home\ali\Documents\playground\nonsensical\PICAsm\cordic\CORDIC.asm
              atan_tbl_19   0x00009c    program     static Z:\home\ali\Documents\playground\nonsensical\PICAsm\cordic\CORDIC.asm
              atan_tbl_20   0x0000a4    program     static Z:\home\ali\Documents\playground\nonsensical\PICAsm\cordic\CORDIC.asm
              atan_tbl_21   0x0000ac    program     static Z:\home\ali\Documents\playground\nonsensical\PICAsm\cordic\CORDIC.asm
              atan_tbl_22   0x0000b4    program     static Z:\home\ali\Documents\playground\nonsensical\PICAsm\cordic\CORDIC.asm
              atan_tbl_23   0x0000bc    program     static Z:\home\ali\Documents\playground\nonsensical\PICAsm\cordic\CORDIC.asm
              atan_tbl_24   0x0000c4    program     static Z:\home\ali\Documents\playground\nonsensical\PICAsm\cordic\CORDIC.asm
              atan_tbl_25   0x0000cc    program     static Z:\home\ali\Documents\playground\nonsensical\PICAsm\cordic\CORDIC.asm
              atan_tbl_26   0x0000d4    program     static Z:\home\ali\Documents\playground\nonsensical\PICAsm\cordic\CORDIC.asm
              atan_tbl_27   0x0000dc    program     static Z:\home\ali\Documents\playground\nonsensical\PICAsm\cordic\CORDIC.asm
              atan_tbl_28   0x0000e4    program     static Z:\home\ali\Documents\playground\nonsensical\PICAsm\cordic\CORDIC.asm
              atan_tbl_29   0x0000ec    program     static Z:\home\ali\Documents\playground\nonsensical\PICAsm\cordic\CORDIC.asm
              atan_tbl_30   0x0000f4    program     static Z:\home\ali\Documents\playground\nonsensical\PICAsm\cordic\CORDIC.asm
                        x   0x0000fc    program     static Z:\home\ali\Documents\playground\nonsensical\PICAsm\cordic\CORDIC.asm
                      x_0   0x0000fc    program     static Z:\home\ali\Documents\playground\nonsensical\PICAsm\cordic\CORDIC.asm
                      x_1   0x000100    program     static Z:\home\ali\Documents\playground\nonsensical\PICAsm\cordic\CORDIC.asm
                      x_2   0x000104    program     static Z:\home\ali\Documents\playground\nonsensical\PICAsm\cordic\CORDIC.asm
                      x_3   0x000108    program     static Z:\home\ali\Documents\playground\nonsensical\PICAsm\cordic\CORDIC.asm
                      x_4   0x00010c    program     static Z:\home\ali\Documents\playground\nonsensical\PICAsm\cordic\CORDIC.asm
                      x_5   0x000110    program     static Z:\home\ali\Documents\playground\nonsensical\PICAsm\cordic\CORDIC.asm
                      x_6   0x000114    program     static Z:\home\ali\Documents\playground\nonsensical\PICAsm\cordic\CORDIC.asm
                      x_7   0x000118    program     static Z:\home\ali\Documents\playground\nonsensical\PICAsm\cordic\CORDIC.asm
                      x_8   0x00011c    program     static Z:\home\ali\Documents\playground\nonsensical\PICAsm\cordic\CORDIC.asm
                      x_9   0x000120    program     static Z:\home\ali\Documents\playground\nonsensical\PICAsm\cordic\CORDIC.asm
                     x_10   0x000124    program     static Z:\home\ali\Documents\playground\nonsensical\PICAsm\cordic\CORDIC.asm
                     x_11   0x000128    program     static Z:\home\ali\Documents\playground\nonsensical\PICAsm\cordic\CORDIC.asm
                     x_12   0x00012c    program     static Z:\home\ali\Documents\playground\nonsensical\PICAsm\cordic\CORDIC.asm
                     x_13   0x000130    program     static Z:\home\ali\Documents\playground\nonsensical\PICAsm\cordic\CORDIC.asm
                     x_14   0x000134    program     static Z:\home\ali\Documents\playground\nonsensical\PICAsm\cordic\CORDIC.asm
                     x_15   0x000138    program     static Z:\home\ali\Documents\playground\nonsensical\PICAsm\cordic\CORDIC.asm
                     x_16   0x00013c    program     static Z:\home\ali\Documents\playground\nonsensical\PICAsm\cordic\CORDIC.asm
                        y   0x000140    program     static Z:\home\ali\Documents\playground\nonsensical\PICAsm\cordic\CORDIC.asm
                      y_0   0x000140    program     static Z:\home\ali\Documents\playground\nonsensical\PICAsm\cordic\CORDIC.asm
                      y_1   0x000144    program     static Z:\home\ali\Documents\playground\nonsensical\PICAsm\cordic\CORDIC.asm
                      y_2   0x000148    program     static Z:\home\ali\Documents\playground\nonsensical\PICAsm\cordic\CORDIC.asm
                      y_3   0x00014c    program     static Z:\home\ali\Documents\playground\nonsensical\PICAsm\cordic\CORDIC.asm
                      y_4   0x000150    program     static Z:\home\ali\Documents\playground\nonsensical\PICAsm\cordic\CORDIC.asm
                      y_5   0x000154    program     static Z:\home\ali\Documents\playground\nonsensical\PICAsm\cordic\CORDIC.asm
                      y_6   0x000158    program     static Z:\home\ali\Documents\playground\nonsensical\PICAsm\cordic\CORDIC.asm
                      y_7   0x00015c    program     static Z:\home\ali\Documents\playground\nonsensical\PICAsm\cordic\CORDIC.asm
                      y_8   0x000160    program     static Z:\home\ali\Documents\playground\nonsensical\PICAsm\cordic\CORDIC.asm
                      y_9   0x000164    program     static Z:\home\ali\Documents\playground\nonsensical\PICAsm\cordic\CORDIC.asm
                     y_10   0x000168    program     static Z:\home\ali\Documents\playground\nonsensical\PICAsm\cordic\CORDIC.asm
                     y_11   0x00016c    program     static Z:\home\ali\Documents\playground\nonsensical\PICAsm\cordic\CORDIC.asm
                     y_12   0x000170    program     static Z:\home\ali\Documents\playground\nonsensical\PICAsm\cordic\CORDIC.asm
                     y_13   0x000174    program     static Z:\home\ali\Documents\playground\nonsensical\PICAsm\cordic\CORDIC.asm
                     y_14   0x000178    program     static Z:\home\ali\Documents\playground\nonsensical\PICAsm\cordic\CORDIC.asm
                     y_15   0x00017c    program     static Z:\home\ali\Documents\playground\nonsensical\PICAsm\cordic\CORDIC.asm
                     y_16   0x000180    program     static Z:\home\ali\Documents\playground\nonsensical\PICAsm\cordic\CORDIC.asm
                      z_0   0x000184    program     static Z:\home\ali\Documents\playground\nonsensical\PICAsm\cordic\CORDIC.asm
                      z_1   0x00018c    program     static Z:\home\ali\Documents\playground\nonsensical\PICAsm\cordic\CORDIC.asm
                      z_2   0x000194    program     static Z:\home\ali\Documents\playground\nonsensical\PICAsm\cordic\CORDIC.asm
                      z_3   0x00019c    program     static Z:\home\ali\Documents\playground\nonsensical\PICAsm\cordic\CORDIC.asm
                      z_4   0x0001a4    program     static Z:\home\ali\Documents\playground\nonsensical\PICAsm\cordic\CORDIC.asm
                      z_5   0x0001ac    program     static Z:\home\ali\Documents\playground\nonsensical\PICAsm\cordic\CORDIC.asm
                      z_6   0x0001b4    program     static Z:\home\ali\Documents\playground\nonsensical\PICAsm\cordic\CORDIC.asm
                      z_7   0x0001bc    program     static Z:\home\ali\Documents\playground\nonsensical\PICAsm\cordic\CORDIC.asm
                      z_8   0x0001c4    program     static Z:\home\ali\Documents\playground\nonsensical\PICAsm\cordic\CORDIC.asm
                      z_9   0x0001cc    program     static Z:\home\ali\Documents\playground\nonsensical\PICAsm\cordic\CORDIC.asm
                     z_10   0x0001d4    program     static Z:\home\ali\Documents\playground\nonsensical\PICAsm\cordic\CORDIC.asm
                     z_11   0x0001dc    program     static Z:\home\ali\Documents\playground\nonsensical\PICAsm\cordic\CORDIC.asm
                     z_12   0x0001e4    program     static Z:\home\ali\Documents\playground\nonsensical\PICAsm\cordic\CORDIC.asm
                     z_13   0x0001ec    program     static Z:\home\ali\Documents\playground\nonsensical\PICAsm\cordic\CORDIC.asm
                     z_14   0x0001f4    program     static Z:\home\ali\Documents\playground\nonsensical\PICAsm\cordic\CORDIC.asm
                     z_15   0x0001fc    program     static Z:\home\ali\Documents\playground\nonsensical\PICAsm\cordic\CORDIC.asm
                     z_16   0x000204    program     static Z:\home\ali\Documents\playground\nonsensical\PICAsm\cordic\CORDIC.asm
                   cordic   0x00020c    program     static Z:\home\ali\Documents\playground\nonsensical\PICAsm\cordic\CORDIC.asm
               quadrant1x   0x000292    program     static Z:\home\ali\Documents\playground\nonsensical\PICAsm\cordic\CORDIC.asm
               quadrantxx   0x000308    program     static Z:\home\ali\Documents\playground\nonsensical\PICAsm\cordic\CORDIC.asm
                    fquad   0x000344    program     static Z:\home\ali\Documents\playground\nonsensical\PICAsm\cordic\CORDIC.asm
                  _39loop   0x000370    program     static Z:\home\ali\Documents\playground\nonsensical\PICAsm\cordic\CORDIC.asm
                  _44loop   0x0003b2    program     static Z:\home\ali\Documents\playground\nonsensical\PICAsm\cordic\CORDIC.asm
                 _124loop   0x000622    program     static Z:\home\ali\Documents\playground\nonsensical\PICAsm\cordic\CORDIC.asm
                 _129loop   0x000664    program     static Z:\home\ali\Documents\playground\nonsensical\PICAsm\cordic\CORDIC.asm
                 _209loop   0x0008d4    program     static Z:\home\ali\Documents\playground\nonsensical\PICAsm\cordic\CORDIC.asm
                 _214loop   0x000916    program     static Z:\home\ali\Documents\playground\nonsensical\PICAsm\cordic\CORDIC.asm
                 _294loop   0x000b86    program     static Z:\home\ali\Documents\playground\nonsensical\PICAsm\cordic\CORDIC.asm
                 _299loop   0x000bc8    program     static Z:\home\ali\Documents\playground\nonsensical\PICAsm\cordic\CORDIC.asm
                 _379loop   0x000e38    program     static Z:\home\ali\Documents\playground\nonsensical\PICAsm\cordic\CORDIC.asm
                 _384loop   0x000e7a    program     static Z:\home\ali\Documents\playground\nonsensical\PICAsm\cordic\CORDIC.asm
                 _464loop   0x0010ea    program     static Z:\home\ali\Documents\playground\nonsensical\PICAsm\cordic\CORDIC.asm
                 _469loop   0x00112c    program     static Z:\home\ali\Documents\playground\nonsensical\PICAsm\cordic\CORDIC.asm
                 _549loop   0x00139c    program     static Z:\home\ali\Documents\playground\nonsensical\PICAsm\cordic\CORDIC.asm
                 _554loop   0x0013de    program     static Z:\home\ali\Documents\playground\nonsensical\PICAsm\cordic\CORDIC.asm
                 _634loop   0x00164e    program     static Z:\home\ali\Documents\playground\nonsensical\PICAsm\cordic\CORDIC.asm
                 _639loop   0x001690    program     static Z:\home\ali\Documents\playground\nonsensical\PICAsm\cordic\CORDIC.asm
                 _719loop   0x001900    program     static Z:\home\ali\Documents\playground\nonsensical\PICAsm\cordic\CORDIC.asm
                 _724loop   0x001942    program     static Z:\home\ali\Documents\playground\nonsensical\PICAsm\cordic\CORDIC.asm
                 _804loop   0x001bb2    program     static Z:\home\ali\Documents\playground\nonsensical\PICAsm\cordic\CORDIC.asm
                 _809loop   0x001bf4    program     static Z:\home\ali\Documents\playground\nonsensical\PICAsm\cordic\CORDIC.asm
                 _889loop   0x001e64    program     static Z:\home\ali\Documents\playground\nonsensical\PICAsm\cordic\CORDIC.asm
                 _894loop   0x001ea6    program     static Z:\home\ali\Documents\playground\nonsensical\PICAsm\cordic\CORDIC.asm
                 _974loop   0x002116    program     static Z:\home\ali\Documents\playground\nonsensical\PICAsm\cordic\CORDIC.asm
                 _979loop   0x002158    program     static Z:\home\ali\Documents\playground\nonsensical\PICAsm\cordic\CORDIC.asm
                _1059loop   0x0023c8    program     static Z:\home\ali\Documents\playground\nonsensical\PICAsm\cordic\CORDIC.asm
                _1064loop   0x00240a    program     static Z:\home\ali\Documents\playground\nonsensical\PICAsm\cordic\CORDIC.asm
                _1144loop   0x00267a    program     static Z:\home\ali\Documents\playground\nonsensical\PICAsm\cordic\CORDIC.asm
                _1149loop   0x0026bc    program     static Z:\home\ali\Documents\playground\nonsensical\PICAsm\cordic\CORDIC.asm
                _1229loop   0x00292c    program     static Z:\home\ali\Documents\playground\nonsensical\PICAsm\cordic\CORDIC.asm
                _1234loop   0x00296e    program     static Z:\home\ali\Documents\playground\nonsensical\PICAsm\cordic\CORDIC.asm
                     main   0x002bf0    program     static Z:\home\ali\Documents\playground\nonsensical\PICAsm\cordic\CORDIC.asm


